{"timestamp":"2025-10-27 11:20:13","level":"error","message":"Failed to lookup view \"indedx\" in views directory \"/home/prabhjotarora/Desktop/iShop/backend/views\""}
{"timestamp":"2025-10-27 11:20:39","level":"error","message":"Failed to lookup view \"indedx\" in views directory \"/home/prabhjotarora/Desktop/iShop/backend/views\""}
{"timestamp":"2025-10-27 11:20:41","level":"error","message":"Failed to lookup view \"indedx\" in views directory \"/home/prabhjotarora/Desktop/iShop/backend/views\""}
{"timestamp":"2025-10-27 11:20:41","level":"error","message":"Failed to lookup view \"indedx\" in views directory \"/home/prabhjotarora/Desktop/iShop/backend/views\""}
{"timestamp":"2025-10-27 11:27:28","level":"error","message":"The \"cb\" argument must be of type function. Received type string ('/logs/combined.log')"}
{"timestamp":"2025-10-27 11:27:57","level":"error","message":"Cannot create property 'etag' on string '/logs/combined.log'"}
{"timestamp":"2025-10-27 11:27:59","level":"error","message":"Cannot create property 'etag' on string '/logs/combined.log'"}
{"timestamp":"2025-10-27 11:28:48","level":"error","message":"path is not defined"}
{"timestamp":"2025-10-27 13:21:04","level":"error","message":"jwt malformed"}
{"timestamp":"2025-10-27 13:21:24","level":"error","message":"jwt malformed"}
{"timestamp":"2025-10-27 13:21:28","level":"error","message":"jwt malformed"}
{"timestamp":"2025-10-27 13:21:42","level":"error","message":"jwt malformed"}
{"timestamp":"2025-10-27 13:21:48","level":"error","message":"jwt malformed"}
{"timestamp":"2025-10-27 13:21:57","level":"error","message":"jwt malformed"}
{"timestamp":"2025-10-27 13:28:57","level":"error","message":"Cannot read properties of null (reading 'order')"}
{"timestamp":"2025-10-27 13:29:59","level":"error","message":"Cannot read properties of null (reading 'order')"}
{"timestamp":"2025-10-27 13:30:35","level":"error","message":"Cannot read properties of null (reading 'order')"}
{"timestamp":"2025-10-27 13:53:28","level":"error","message":"\nInvalid `prisma.inAppNotification.create()` invocation in\n/home/prabhjotarora/Desktop/iShop/backend/controllers/order.controller.js:179:44\n\n  176     message:[...existingNotification , newMessage]\n  177   }\n  178 })\n→ 179 else  await prisma.inAppNotification.create({\n        data: {\n          id: 22,\n          role: \"buyer\",\n          message: [\n            \"Your order [Electric Beard Trimmer] has been delivered. Enjoy!\"\n          ],\n      +   userId: Int\n        }\n      })\n\nArgument `userId` is missing."}
{"timestamp":"2025-10-27 14:12:51","level":"error","message":"next is not defined"}
{"timestamp":"2025-10-27 15:50:12","level":"error","message":"existingNotification is not iterable"}
{"timestamp":"2025-10-27 15:51:21","level":"error","message":"existingNotification is not iterable"}
{"timestamp":"2025-10-27 15:52:56","level":"error","message":"existingNotification is not iterable"}
{"timestamp":"2025-10-27 15:53:47","level":"error","message":"existingNotification is not iterable"}
{"timestamp":"2025-10-27 15:57:41","level":"error","message":"existingNotification is not iterable"}
{"timestamp":"2025-10-27 15:58:46","level":"error","message":"\nInvalid `prisma.inAppNotification.update()` invocation in\n/home/prabhjotarora/Desktop/iShop/backend/controllers/order.controller.js:174:38\n\n  171 // 2. Prepare the new message\n  172 const newMessage = statusMessages[status] || \"Your order status has been updated.\"\n  173 if(existingNotification)\n→ 174       await prisma.inAppNotification.update({\n              data: {\n                userId: 22,\n                role: \"buyer\",\n                message: [\n                  {\n                    id: 5,\n                    userId: 19,\n                    role: \"buyer\",\n                    message: [\n                      \"Your order [Yoga Mat Pro] is out for delivery!\"\n                    ],\n                    createdAt: new Date(\"2025-10-27T10:11:52.786Z\")\n                  },\n                  \"Your order [Samsung Galaxy Tab S9 FE [Smartchoice], RAM 6 GB, ROM 128 GB Expandable, S Pen in-Box, Wi-Fi, IP68 Tablet, Gray] is on its way.\"\n                ]\n                ~~~~~~~~~~~~~~~~~~~~~~~~~~~~~~~~~~~~~~~~~~~~~~~~~~~~~~~~~~~~~~~~~~~~~~~~~~~~~~~~~~~~~~~~~~~~~~~~~~~~~~~~~~~~~~~~~~~~~~~~~~~~~~~~~~~~~~~~~~~~~~~\n              }\n            })\n\nArgument `message`: Invalid value provided. Expected InAppNotificationUpdatemessageInput or String, provided Object."}
